// Vitest Snapshot v1, https://vitest.dev/guide/snapshot.html

exports[`importLeboncoin > should test the import of Le bon coin emploi data into computed_job_partners 1`] = `
[
  {
    "apply_phone": null,
    "apply_url": "https://www.leboncoin.fr/offres_d_emploi/2999583187.htm",
    "business_error": null,
    "contract_duration": null,
    "contract_is_disabled_elligible": false,
    "contract_remote": null,
    "contract_start": null,
    "contract_type": [],
    "errors": [],
    "jobs_in_success": [],
    "lba_url": null,
    "offer_access_conditions": [],
    "offer_creation": null,
    "offer_description": "R√©sum√©
ALTERNANCE - Boucher F/H, 37540 Saint Cyr Sur Loire, Alternance, Temps plein.

Description du poste
‚ú®Nous sommes‚Ä¶¬†
Auchan Retail France, une entreprise de distribution de plus de 50 000 collaborateurs au service de millions de clients chaque ann√©e.
Ce que nous voulons, c‚Äôest aider nos clients √† bien manger et vivre mieux, tout en pr√©servant la plan√®te.
Que l‚Äôon soit en entrep√¥t, en magasin ou sur des fonctions support, notre point commun √† tous, c‚Äôest de faire en sorte que nos clients aient plaisir √† faire leurs courses chez nous.
Parce que nos collaborateurs sont aussi nos premiers clients, nous veillons chaque jour √† leur bien-√™tre et leur √©volution professionnelle.Ensemble, nous am√©liorons le quotidien !
üìåVous avez envie de‚Ä¶
Connaitre, transformer les produits de votre march√©. Vous mettez en ≈ìuvre les d√©coupes et recettes / process de transformation de vos produits. Vous √™tes polyvalent √† tous les postes de fabrication / d√©coupe avec un haut niveau de professionnalisme. Vous √©valuez la qualit√© et la fra√Æcheur des produits et d'√©carter les produits non-conformes.

Contribuer √† la bonne organisation de la production dans le respect des r√®gles d'hygi√®ne. ¬†Vous organisez votre espace de travail (propret√©, rangement, entretien du mat√©riel) et veillez au respect des r√®gles de s√©curit√© alimentaire. Enfin, vous √©talez la fabrication afin de garantir la fra√Æcheur des produits et de r√©pondre √† l'objectif de z√©ro rupture.¬†

Mettre en valeurs vos produits et fid√©liser vos clients. Vous approvisionnez et mettez en avant vos produits, dans le respect des r√®gles d'√©talagisme et de merchandising. Vous veillez √† la mise en valeur de vos produits, dans le but d'attirer et fid√©liser vos clients. Vous conseillez et r√©pondez aux attentes de ces derniers.¬†
üéØVous √™tes‚Ä¶En formation de niveau BP/CAP/BAC PRO en boucherie ou un CQP. Vous aimez les produits issu de ce domaine.Le poste de Boucher en alternance F/H est fait pour vous.Rencontrons-nous !




Profil recherch√©

üì¢Nous vous offrons les avantages suivants :


‚Ä¢ Une remise sur achat chez Auchan
‚Ä¢ Des primes de participation et d‚Äôint√©ressement selon la performance annuelle de l‚Äôentreprise
‚Ä¢ Une prime annuelle √©quivalente √† un 13e mois


Chez Auchan, nous sommes convaincus que la diversit√© fait la richesse d‚Äôune entreprise. Nous √©tudions √† comp√©tences √©gales chaque candidature et toutes nos offres peuvent faire l‚Äôobjet d‚Äôam√©nagements sp√©cifiques en cas de handicap - #tous √©gaux, tous diff√©rents !


üå≥Vous voulez en savoir plus sur nos engagements ?
Nous nous mobilisons au quotidien autour de 4 piliers de responsabilit√© soci√©tale et environnementale majeurs : Offre responsable, Environnement, Solidarit√©, Humain.Rendez-vous sur : [URL masqu√©e pour votre s√©curit√©].",
    "offer_desired_skills": [],
    "offer_expiration": 2024-09-21T02:49:06.000Z,
    "offer_multicast": true,
    "offer_opening_count": 1,
    "offer_origin": null,
    "offer_rome_codes": null,
    "offer_status": "Active",
    "offer_status_history": [],
    "offer_target_diploma": null,
    "offer_title": "ALTERNANCE - Boucher F/H",
    "offer_to_be_acquired_knowledge": [],
    "offer_to_be_acquired_skills": [],
    "partner_job_id": "2999583187",
    "partner_label": "Le bon coin emploi",
    "updated_at": 2024-07-21T02:49:06.000Z,
    "validated": false,
    "workplace_address_city": "Saint-Cyr-sur-Loire",
    "workplace_address_label": "Saint-Cyr-sur-Loire 37540",
    "workplace_address_street_label": null,
    "workplace_address_zipcode": "37540",
    "workplace_brand": null,
    "workplace_description": null,
    "workplace_geopoint": null,
    "workplace_idcc": null,
    "workplace_legal_name": null,
    "workplace_naf_code": null,
    "workplace_naf_label": null,
    "workplace_name": "Auchan",
    "workplace_opco": null,
    "workplace_siret": null,
    "workplace_size": null,
    "workplace_website": null,
  },
  {
    "apply_phone": null,
    "apply_url": "https://www.leboncoin.fr/offres_d_emploi/3071721792.htm",
    "business_error": null,
    "contract_duration": null,
    "contract_is_disabled_elligible": false,
    "contract_remote": null,
    "contract_start": null,
    "contract_type": [],
    "errors": [],
    "jobs_in_success": [],
    "lba_url": null,
    "offer_access_conditions": [],
    "offer_creation": null,
    "offer_description": "R√©sum√©
Conseiller Commercial Apr√®s-Vente en Alternance (H/F), 8000 Charleville Mezieres, Contrat d'alternance (pro, apprentissage), Temps plein.
Fonction : Assistant-te Service APV
Entreprise : BMW CHARLEVILLE

Description du poste
Distributeur automobile multi-marques depuis plus de 30 ans, le Groupe GCA est le¬†1er distributeur¬†fran√ßais de v√©hicules hybrides.¬†Le groupe est repr√©sent√© par 15 marques automobiles, 2 marques de moto, 2 000 collaborateurs, 3 centres v√©hicules d‚Äôoccasion, 10 carrosseries, 4 magasins de pi√®ces d√©tach√©es et un centre d'appels.¬†Avec le d√©veloppement de nouvelles technologies et les diff√©rents enjeux environnementaux, le monde de l‚Äôautomobile est plus que jamais en changement.

Chez GCA, nous misons sur vos comp√©tences et vous accompagnons dans l‚Äô√©volution de votre m√©tier en vous apportant les outils n√©cessaires √† votre r√©ussite.

Par ailleurs, nous vous aidons dans la mise en place de vos souhaits de mobilit√©, qu‚Äôelle soit g√©ographique ou professionnelle. Au sein de notre r√©seau de 120 concessions r√©parties dans 7 r√©gions de France et en Belgique, vous trouverez forc√©ment une concession pour r√©aliser vos diff√©rents choix de carri√®re.

√Ä propos du poste

Lors de votre pr√©sence¬†sur site, vous serez en charge des encaissements et de la facturation ainsi que du suivi des dossiers sp√©cifiques li√©s aux activit√©s apr√®s-vente de la concession. De plus, vous assurerez l'accueil de la client√®le et des fournisseurs, la tenue du standard t√©l√©phonique, les prises de rendez-vous et le suivi du planning de l'atelier.¬†

N'h√©sitez plus et venez nous rejoindre au sein de notre concession BMW √† Charleville !

Profil recherch√©
Vous int√©grez une formation de type Assistant de Gestion et/ou commerce (Bac+2/3). Vous √™tes organis√©(e) dans votre travail. Une exp√©rience dans le secteur de l'automobile serait un plus.


- Alternance
- Mutuelle entreprise offrant divers avantages sociaux (abonnements sportifs, vacances, scolarit√© etc.)
- Int√©ressement aux b√©n√©fices de l'entreprise
- R√©mun√©ration n√©gociable selon profil et exp√©rience

Int√©grez un Groupe en pleine croissance, ou l'esprit d'√©quipe et la satisfaction clients font partie de notre ADN. Nous vous accompagnons dans votre √©volution et votre √©panouissement professionnel √† travers des formations d√©di√©es √† nos marques, des challenges, des voyages et activit√©s avec les collaborateurs GCA !¬†Retrouvez toutes nos actualit√©s sur Instagram : @gca_recrute",
    "offer_desired_skills": [],
    "offer_expiration": 2024-09-21T02:49:06.000Z,
    "offer_multicast": true,
    "offer_opening_count": 1,
    "offer_origin": null,
    "offer_rome_codes": null,
    "offer_status": "Active",
    "offer_status_history": [],
    "offer_target_diploma": null,
    "offer_title": "Conseiller Commercial Apr√®s-Vente en Alternance (H/F)",
    "offer_to_be_acquired_knowledge": [],
    "offer_to_be_acquired_skills": [],
    "partner_job_id": "3071721792",
    "partner_label": "Le bon coin emploi",
    "updated_at": 2024-07-21T02:49:06.000Z,
    "validated": false,
    "workplace_address_city": "Charleville-M√©zi√®res",
    "workplace_address_label": "Charleville-M√©zi√®res 08000",
    "workplace_address_street_label": null,
    "workplace_address_zipcode": "08000",
    "workplace_brand": null,
    "workplace_description": null,
    "workplace_geopoint": null,
    "workplace_idcc": null,
    "workplace_legal_name": null,
    "workplace_naf_code": null,
    "workplace_naf_label": null,
    "workplace_name": "GROUPE GCA",
    "workplace_opco": null,
    "workplace_siret": null,
    "workplace_size": null,
    "workplace_website": null,
  },
]
`;
