// Vitest Snapshot v1, https://vitest.dev/guide/snapshot.html

exports[`importRecruteursLbaRaw > should process all recruteurs 1`] = `
[
  {
    "apply_email": null,
    "apply_phone": null,
    "apply_url": null,
    "contract_duration": null,
    "contract_is_disabled_elligible": false,
    "contract_remote": null,
    "contract_start": null,
    "contract_type": [],
    "created_at": 2024-07-21T02:49:06.000Z,
    "offer_access_conditions": [],
    "offer_creation": 2024-07-21T02:49:06.000Z,
    "offer_description": "recruteurs_lba",
    "offer_desired_skills": [],
    "offer_expiration": null,
    "offer_multicast": false,
    "offer_opening_count": 1,
    "offer_origin": null,
    "offer_rome_codes": [
      "D1208",
      "I1203",
    ],
    "offer_status": "Active",
    "offer_status_history": [],
    "offer_target_diploma": null,
    "offer_title": "recruteurs_lba",
    "offer_to_be_acquired_knowledge": [],
    "offer_to_be_acquired_skills": [],
    "partner_job_id": "80841382700011",
    "partner_label": "recruteurs_lba",
    "updated_at": 2024-07-21T02:49:06.000Z,
    "workplace_address_city": "LIVERDUN",
    "workplace_address_label": "54460 LIVERDUN",
    "workplace_address_street_label": null,
    "workplace_address_zipcode": "54460",
    "workplace_brand": "DRYSOFT",
    "workplace_description": null,
    "workplace_geopoint": {
      "coordinates": [
        49.90490699998852,
        1.105230000000001,
      ],
      "type": "Point",
    },
    "workplace_idcc": 1000,
    "workplace_legal_name": "ETABLISSEMENTS FRERES",
    "workplace_naf_code": "5510Z",
    "workplace_naf_label": "Hôtels et hébergement similaire ",
    "workplace_name": null,
    "workplace_opco": "ATLAS",
    "workplace_siret": "80841382700011",
    "workplace_size": "1-2",
    "workplace_website": null,
  },
  {
    "apply_email": "roget@dinum.fr",
    "apply_phone": "0123456789",
    "apply_url": null,
    "contract_duration": null,
    "contract_is_disabled_elligible": false,
    "contract_remote": null,
    "contract_start": null,
    "contract_type": [],
    "created_at": 2024-07-21T02:49:06.000Z,
    "offer_access_conditions": [],
    "offer_creation": 2024-07-21T02:49:06.000Z,
    "offer_description": "recruteurs_lba",
    "offer_desired_skills": [],
    "offer_expiration": null,
    "offer_multicast": false,
    "offer_opening_count": 1,
    "offer_origin": null,
    "offer_rome_codes": [
      "M1607",
      "M1203",
    ],
    "offer_status": "Active",
    "offer_status_history": [],
    "offer_target_diploma": null,
    "offer_title": "recruteurs_lba",
    "offer_to_be_acquired_knowledge": [],
    "offer_to_be_acquired_skills": [],
    "partner_job_id": "13002526500013",
    "partner_label": "recruteurs_lba",
    "updated_at": 2024-07-21T02:49:06.000Z,
    "workplace_address_city": "SAINT-ROMAIN-DE-LERPS",
    "workplace_address_label": "CHEMIN DU BALAYOU 07130 SAINT-ROMAIN-DE-LERPS",
    "workplace_address_street_label": "CHEMIN DU BALAYOU",
    "workplace_address_zipcode": "07130",
    "workplace_brand": "ETABLISSEMENTS DINUM",
    "workplace_description": null,
    "workplace_geopoint": {
      "coordinates": [
        49.90490699998852,
        1.105230000000001,
      ],
      "type": "Point",
    },
    "workplace_idcc": 1000,
    "workplace_legal_name": "ETABLISSEMENTS DINUM",
    "workplace_naf_code": "4673A",
    "workplace_naf_label": "Commerce de gros (commerce interentreprises) de bois et de matériaux de construction ",
    "workplace_name": null,
    "workplace_opco": "ATLAS",
    "workplace_siret": "13002526500013",
    "workplace_size": "6-9",
    "workplace_website": null,
  },
]
`;
