// Vitest Snapshot v1, https://vitest.dev/guide/snapshot.html

exports[`importJooble > should test the import of Jooble data into computed_job_partners 1`] = `
[
  {
    "apply_phone": null,
    "apply_url": "https://fr.jooble.org/external/-4721165160650165555?utm_source=affiliate&utm_medium=labonnealternance_fr_xml&extra_id_consumer_run=587462d2-d72f-445f-aeb8-e1c364377858&cpc=d0FU",
    "business_error": "FULL_TIME",
    "contract_duration": null,
    "contract_is_disabled_elligible": false,
    "contract_remote": null,
    "contract_start": null,
    "contract_type": [
      "Apprentissage",
    ],
    "errors": [],
    "jobs_in_success": [],
    "lba_url": "",
    "offer_access_conditions": [],
    "offer_creation": 2025-09-09T00:00:00.000Z,
    "offer_description": "A propos de l'entreprise : Les Chambres de Commerce et d'Industrie (CCI)",
    "offer_desired_skills": [],
    "offer_expiration": 2025-11-09T00:00:00.000Z,
    "offer_multicast": true,
    "offer_opening_count": 1,
    "offer_origin": null,
    "offer_rome_codes": null,
    "offer_status": "Active",
    "offer_status_history": [],
    "offer_target_diploma": null,
    "offer_title": "Conseiller entreprise developpement h/f (CDI)",
    "offer_to_be_acquired_knowledge": [],
    "offer_to_be_acquired_skills": [],
    "partner_job_id": "-4721165160650161896",
    "partner_label": "Jooble",
    "updated_at": 2024-07-21T02:49:06.000Z,
    "validated": false,
    "workplace_address_city": "Cahors",
    "workplace_address_label": "Cahors",
    "workplace_address_street_label": null,
    "workplace_address_zipcode": null,
    "workplace_brand": null,
    "workplace_description": null,
    "workplace_geopoint": null,
    "workplace_idcc": null,
    "workplace_legal_name": null,
    "workplace_naf_code": null,
    "workplace_naf_label": null,
    "workplace_name": "CCI Lot",
    "workplace_opco": null,
    "workplace_siret": null,
    "workplace_size": null,
    "workplace_website": null,
  },
  {
    "apply_phone": null,
    "apply_url": "https://fr.jooble.org/external/-6366765753872555555?cpc=d0FU&utm_source=affiliate&utm_medium=labonnealternance_fr_xml&extra_id_consumer_run=587462d2-d72f-445f-aeb8-e1c364377858",
    "business_error": null,
    "contract_duration": null,
    "contract_is_disabled_elligible": false,
    "contract_remote": null,
    "contract_start": null,
    "contract_type": [
      "Apprentissage",
    ],
    "errors": [],
    "jobs_in_success": [],
    "lba_url": "",
    "offer_access_conditions": [],
    "offer_creation": 2025-09-09T00:00:00.000Z,
    "offer_description": "<p> Truc est un groupe industriel et un laboratoire pharmaceutique international</p>",
    "offer_desired_skills": [],
    "offer_expiration": 2025-11-09T00:00:00.000Z,
    "offer_multicast": true,
    "offer_opening_count": 1,
    "offer_origin": null,
    "offer_rome_codes": null,
    "offer_status": "Active",
    "offer_status_history": [],
    "offer_target_diploma": null,
    "offer_title": "Responsable de march√©",
    "offer_to_be_acquired_knowledge": [],
    "offer_to_be_acquired_skills": [],
    "partner_job_id": "-6366765753872521621",
    "partner_label": "Jooble",
    "updated_at": 2024-07-21T02:49:06.000Z,
    "validated": false,
    "workplace_address_city": "Puteaux",
    "workplace_address_label": "Puteaux",
    "workplace_address_street_label": null,
    "workplace_address_zipcode": null,
    "workplace_brand": null,
    "workplace_description": null,
    "workplace_geopoint": null,
    "workplace_idcc": null,
    "workplace_legal_name": null,
    "workplace_naf_code": null,
    "workplace_naf_label": null,
    "workplace_name": "Truc France",
    "workplace_opco": null,
    "workplace_siret": null,
    "workplace_size": null,
    "workplace_website": null,
  },
]
`;
