// Vitest Snapshot v1, https://vitest.dev/guide/snapshot.html

exports[`import RH Alternance > rawRhAlternanceToComputedMapper > should test that the mapper works 1`] = `
{
  "apply_phone": null,
  "apply_url": "https://rhalternance.com/jobs/environnement/la-grande-motte/alternant-hse-h-f-913079004",
  "business_error": null,
  "contract_duration": null,
  "contract_remote": null,
  "contract_start": null,
  "contract_type": [
    "Apprentissage",
    "Professionnalisation",
  ],
  "created_at": null,
  "errors": [],
  "jobs_in_success": [],
  "offer_access_conditions": [],
  "offer_creation": 2024-11-14T11:11:08.000Z,
  "offer_description": "Détail du poste : QUE FEREZ-VOUS ?<br><br>Rattaché(e) à Arnaud, Responsable HSE Outremer, vous contribuerez au déploiement d'une démarche HSE amenant les équipes vers une évolution de la maturité HSE de l'entreprise.<br><br>Vos missions principales seront :<br><br>* Participer au déploiement de la feuille de route HSE 2024-25,<br><br>* Participer à l'animation de la culture HSE dans l'établissement (1/4 sécurité/ accueil sécurité / sensibilisation quotidienne, communication «Safety First »...),<br><br>* La mise à jour de l'évaluation des risques professionnels et risques d'exposition,<br><br>* La mise en place des indicateurs et tableaux de bord,<br><br>* Veille documentaires (rédaction de documents / consignes/ mise à jour des FDS / process),<br><br>* Participer à l'analyse environnementale du site et proposition d'un plan d'action associé,<br><br>* La recherche de réduction de nos impacts, comme la réduction et/ou la valorisation de nos déchets (emballages plastiques, cartons...).<br><br>NOUS SOMMES FIERS DE POUVOIR PROPOSER DEPUIS DES ANNÉES DES PARCOURS D'ÉVOLUTION À NOS SALARIÉS.
Le profil recherché : CE POSTE EST FAIT POUR VOUS SI VOUS :<br><br>* Vous êtes en Licence ou Master, cursus QHSE avec idéalement avec une expérience dans l'industrie (stage ou alternance),<br><br>* Vous avez connaissance des réglementations HSE, des systèmes de management QHSE,<br><br>* Vous êtes force de proposition et d'amélioration, êtes méthodique et rigoureux(se),<br><br>* Vous êtes bon communiquant et êtes à l'aise en milieu industriel,<br><br>* Vous êtes à l'aise avec les outils informatiques.<br><br>COMMENT ÇA SE PASSE ?<br><br>Envoyez-nous votre CV. Si votre profil correspond à notre besoin, vous serez contacté(e) par téléphone et accueilli(e) à la Grande Motte pour visiter le chantier et rencontrer nos équipes.<br><br>Chez Grand Large Yachting, nous avons à coeur d'exclure toute forme de discrimination dans le cadre de nos recrutements.
Infos complémentaires : Nous vous proposons :<br><br>Un poste en alternance ouvert dès Septembre 2024 à La Grande Motte (34) à côté du port.<br>- Rémunération fixe,<br>- Primes de production,<br>- Participation aux bénéfices de l'entreprise<br>- Mutuelle intéressante pour vous et toute la famille (prise en charge employeur à 50%),<br>- Prime mobilité durable (aide pour le trajet domicile/travail si utilisation de vélo, trottinette, covoiturage),<br><br>- Nos petits plus :<br>- CSE (chèques cadeaux/vacances et divers autres avantages),<br>- Team Day,<br>- Activités nautiques en partenariat avec l'école de voile de la Grande Motte au printemps.",
  "offer_desired_skills": [],
  "offer_expiration": 2025-01-13T11:11:08.000Z,
  "offer_multicast": true,
  "offer_opening_count": 1,
  "offer_origin": null,
  "offer_rome_codes": null,
  "offer_status": "Active",
  "offer_target_diploma": null,
  "offer_title": "Alternant - HSE H/F",
  "offer_to_be_acquired_skills": [],
  "partner_job_id": "913079004",
  "partner_label": "RH Alternance",
  "updated_at": 2024-07-21T02:49:06.000Z,
  "validated": false,
  "workplace_address_city": "La Grande-Motte",
  "workplace_address_label": "34280 La Grande-Motte",
  "workplace_address_street_label": null,
  "workplace_address_zipcode": "34280",
  "workplace_brand": null,
  "workplace_description": null,
  "workplace_geopoint": null,
  "workplace_idcc": null,
  "workplace_legal_name": null,
  "workplace_naf_code": null,
  "workplace_naf_label": null,
  "workplace_name": "GRAND LARGE YACHTING",
  "workplace_opco": null,
  "workplace_siret": "44537545400037",
  "workplace_size": null,
  "workplace_website": "https://rhalternance.com/companies/grand-large-yachting-mediterranee",
}
`;
